[www.adsconsultingservice.com/index.html]
[backblue.gif]
[fade.gif]
[index.html]
[www.adsconsultingservice.com/sitemap.xml]
[www.adsconsultingservice.com/feed.xml]
[www.adsconsultingservice.com/_partials/wix-bolt/1.6340.0/node_modules/viewer-platform-worker/dist/wixcode-worker.js]
[www.adsconsultingservice.com/about.html]
[www.adsconsultingservice.com/blog.html]
[www.adsconsultingservice.com/lets-connect.html]
[www.adsconsultingservice.com/training.html]
[www.adsconsultingservice.com/consulting.html]
[www.adsconsultingservice.com/coaching.html]
[www.adsconsultingservice.com/press.html]
[www.adsconsultingservice.com/privacy-policy.html]
[www.adsconsultingservice.com/918ed4_117f5e36b6be4029840c8b87e224ffcef001.jpg]
[www.adsconsultingservice.com/918ed4_117f5e36b6be4029840c8b87e224ffcef002.jpg]
[www.adsconsultingservice.com/11062b_20125b6ebe434abd96c4d7773634d1dbf001.jpg]
[www.adsconsultingservice.com/11062b_20125b6ebe434abd96c4d7773634d1dbf002.jpg]
[www.adsconsultingservice.com/65deca_d95ac9cfc5f6495ba038fcc610128760f001.jpg]
[www.adsconsultingservice.com/65deca_d95ac9cfc5f6495ba038fcc610128760f002.jpg]
[www.adsconsultingservice.com/65deca_31d18873a55c4843a8fe6fb115349b95f001.jpg]
[www.adsconsultingservice.com/65deca_31d18873a55c4843a8fe6fb115349b95f002.jpg]
[www.adsconsultingservice.com/index.html]
[www.adsconsultingservice.com/feed.html]
[www.adsconsultingservice.com/65deca_6546b7592f51483da2ab8435a90ab835f001.jpg]
[www.adsconsultingservice.com/65deca_6546b7592f51483da2ab8435a90ab835f002.jpg]
[www.adsconsultingservice.com/about.html]
[www.adsconsultingservice.com/blog/index.html]
[www.adsconsultingservice.com/blog/categories/leadership.html]
[www.adsconsultingservice.com/post/change-is-usually-never-easy-but-it-s-always-necessary.html]
[www.adsconsultingservice.com/post/directing-your-customers-into-action.html]
[www.adsconsultingservice.com/11062b_9de2dbff3dda403b944bb98c41cb5764f001.jpg]
[www.adsconsultingservice.com/post/how-to-deal-with-reluctancy.html]
[www.adsconsultingservice.com/11062b_9de2dbff3dda403b944bb98c41cb5764f002.jpg]
[www.adsconsultingservice.com/blog.html]
[www.adsconsultingservice.com/lets-connect.html]
[www.adsconsultingservice.com/copy-of-leadership.html]
[www.adsconsultingservice.com/popup-u9j2n.html]
[www.adsconsultingservice.com/918ed4_6806319199df405bbb61e58eef591fa5f001.jpg]
[www.adsconsultingservice.com/918ed4_6806319199df405bbb61e58eef591fa5f002.jpg]
[www.adsconsultingservice.com/training.html]
[www.adsconsultingservice.com/consulting.html]
[www.adsconsultingservice.com/65deca_a5d9165850c94fe0896caba4cc2286e3f001.jpg]
[www.adsconsultingservice.com/65deca_a5d9165850c94fe0896caba4cc2286e3f002.jpg]
[www.adsconsultingservice.com/coaching.html]
[www.adsconsultingservice.com/press.html]
[www.adsconsultingservice.com/,]
[www.adsconsultingservice.com/privacy-policy.html]
[www.adsconsultingservice.com/918ed4_117f5e36b6be4029840c8b87e224ffcef001.html]
[www.adsconsultingservice.com/918ed4_117f5e36b6be4029840c8b87e224ffcef002.html]
[www.adsconsultingservice.com/11062b_20125b6ebe434abd96c4d7773634d1dbf001.html]
[www.adsconsultingservice.com/11062b_20125b6ebe434abd96c4d7773634d1dbf002.html]
[www.adsconsultingservice.com/65deca_d95ac9cfc5f6495ba038fcc610128760f001.html]
[www.adsconsultingservice.com/65deca_d95ac9cfc5f6495ba038fcc610128760f002.html]
[www.adsconsultingservice.com/65deca_31d18873a55c4843a8fe6fb115349b95f001.html]
[www.adsconsultingservice.com/65deca_31d18873a55c4843a8fe6fb115349b95f002.html]
[www.adsconsultingservice.com/65deca_6546b7592f51483da2ab8435a90ab835f001.html]
[www.adsconsultingservice.com/65deca_6546b7592f51483da2ab8435a90ab835f002.html]
[www.adsconsultingservice.com/blog/robots.html]
[www.adsconsultingservice.com/blog/sitemap.xml]
[www.adsconsultingservice.com/blog/feed.xml]
[www.adsconsultingservice.com/blog/index.html]
[www.adsconsultingservice.com/blog/11062b_9de2dbff3dda403b944bb98c41cb5764f001.html]
[www.adsconsultingservice.com/blog/11062b_9de2dbff3dda403b944bb98c41cb5764f002.html]
[www.adsconsultingservice.com/blog/categories/robots.html]
[www.adsconsultingservice.com/blog/categories/sitemap.xml]
[www.adsconsultingservice.com/blog/categories/feed.xml]
[www.adsconsultingservice.com/post/are-your-employees-engaged.html]
[www.adsconsultingservice.com/blog/categories/leadership/index.html]
[www.adsconsultingservice.com/blog/categories/leadership.html]
[www.adsconsultingservice.com/blog/categories/11062b_9de2dbff3dda403b944bb98c41cb5764f001.html]
[www.adsconsultingservice.com/blog/categories/11062b_9de2dbff3dda403b944bb98c41cb5764f002.html]
[www.adsconsultingservice.com/post/robots.html]
[www.adsconsultingservice.com/post/sitemap.xml]
[www.adsconsultingservice.com/post/feed.xml]
[www.adsconsultingservice.com/post/change-is-usually-never-easy-but-it-s-always-necessary.html]
[www.adsconsultingservice.com/post/directing-your-customers-into-action.html]
[www.adsconsultingservice.com/post/how-to-deal-with-reluctancy.html]
[www.adsconsultingservice.com/11062b_9de2dbff3dda403b944bb98c41cb5764f001.html]
[www.adsconsultingservice.com/11062b_9de2dbff3dda403b944bb98c41cb5764f002.html]
[www.adsconsultingservice.com/copy-of-leadership.html]
[www.adsconsultingservice.com/popup-u9j2n.html]
[www.adsconsultingservice.com/918ed4_6806319199df405bbb61e58eef591fa5f001.html]
[www.adsconsultingservice.com/918ed4_6806319199df405bbb61e58eef591fa5f002.html]
[www.adsconsultingservice.com/65deca_a5d9165850c94fe0896caba4cc2286e3f001.html]
[www.adsconsultingservice.com/65deca_a5d9165850c94fe0896caba4cc2286e3f002.html]
[www.adsconsultingservice.com/,.html]
[www.adsconsultingservice.com/blog/robots.html]
[www.adsconsultingservice.com/blog/feed.html]
[www.adsconsultingservice.com/blog/11062b_9de2dbff3dda403b944bb98c41cb5764f001.html]
[www.adsconsultingservice.com/blog/11062b_9de2dbff3dda403b944bb98c41cb5764f002.html]
[www.adsconsultingservice.com/blog/categories/robots.html]
[www.adsconsultingservice.com/blog/categories/feed.html]
[www.adsconsultingservice.com/blog/categories/leadership/robots.html]
[www.adsconsultingservice.com/blog/categories/leadership/sitemap.xml]
[www.adsconsultingservice.com/blog/categories/leadership/feed.xml]
[www.adsconsultingservice.com/blog/categories/leadership/index.html]
[www.adsconsultingservice.com/blog/categories/leadership/11062b_9de2dbff3dda403b944bb98c41cb5764f001.html]
[www.adsconsultingservice.com/blog/categories/leadership/11062b_9de2dbff3dda403b944bb98c41cb5764f002.html]
[www.adsconsultingservice.com/blog/search/f-2.txt]
[www.adsconsultingservice.com/blog/search/f.txt]
[www.adsconsultingservice.com/post/are-your-employees-engaged.html]
[www.adsconsultingservice.com/blog/categories/11062b_9de2dbff3dda403b944bb98c41cb5764f001.html]
[www.adsconsultingservice.com/blog/categories/11062b_9de2dbff3dda403b944bb98c41cb5764f002.html]
[www.adsconsultingservice.com/post/robots.html]
[www.adsconsultingservice.com/post/feed.html]
[www.adsconsultingservice.com/blog/categories/leadership/robots.html]
[www.adsconsultingservice.com/blog/categories/leadership/feed.html]
[www.adsconsultingservice.com/blog/categories/leadership/11062b_9de2dbff3dda403b944bb98c41cb5764f001.html]
[www.adsconsultingservice.com/blog/categories/leadership/11062b_9de2dbff3dda403b944bb98c41cb5764f002.html]
[www.adsconsultingservice.com/blog/search/f.txt]
[www.adsconsultingservice.com/blog/search/f-2.txt]
[www.adsconsultingservice.com/blog/search/f-3.txt]
[www.adsconsultingservice.com/blog/search/f-3.txt]
[www.adsconsultingservice.com/blog/search/f-4.txt]
[www.adsconsultingservice.com/blog/search/f-4.txt]
